// 重构日志: c1d3a563
// 重构日志: ecf5ef2d
// 重构日志: 699741b3
// 重构日志: 81d0bfb9
// 重构日志: 3f40015b
// 重构日志: 818d30dc
// 同步 ID: e6852270 @ Sun Jul 12 08:11:54 UTC 2026
// 重构日志: 171bb97f
// 重构日志: 5b957ec2
// 同步 ID: 5bfdefc6 @ Tue Jul 14 12:48:03 UTC 2026
// 同步 ID: ca2c5389 @ Wed Jul 15 15:14:49 UTC 2026
// 重构日志: 090fc4ad
// 重构日志: 40a70c71
// 同步 ID: 4b951f96 @ Sat Jul 18 07:58:43 UTC 2026
// 重构日志: c217ed59
// 同步 ID: a8a28773 @ Sat Jul 18 16:27:25 UTC 2026
// 同步 ID: 520a96aa @ Sun Jul 19 07:57:15 UTC 2026
// 重构日志: f75e9f44
// 同步 ID: 085cdffb @ Thu Jul 23 08:01:44 UTC 2026
// 重构日志: e7d9a2db
// 重构日志: bfd7d7c2
// 重构日志: b379b6ed
// 同步 ID: 03cef055 @ Sun Jul 26 17:03:08 UTC 2026
// 同步 ID: 2045b39f @ Mon Jul 27 05:21:46 UTC 2026
// 重构日志: 313b669c
